// Jest Snapshot v1, https://goo.gl/fbAQLP

exports[`Pruebas en el GifItem Debe de hacer match con el snapshot 1`] = `
<div>
  <div
    class="card"
  >
    <img
      alt="Dragon Ball GIF by Toei Animation"
      src="https://media0.giphy.com/media/977YesTjNfQC7vQiph/giphy.gif?cid=14246f2958zmvh8rnuckuhfxozejfzwy6v2r0p4qfswrp83i&ep=v1_gifs_search&rid=giphy.gif&ct=g"
    />
    <p>
      Dragon Ball GIF by Toei Animation
    </p>
  </div>
</div>
`;
